  Determining projects to restore...
  All projects are up-to-date for restore.
C:\Program Files\dotnet\sdk\9.0.314\Microsoft.Common.CurrentVersion.targets(5394,5): warning MSB3026: Could not copy "C:\Users\phane\source\repos\ai-agent-lab-app\AiAgentLab.Api\obj\Debug\net9.0\apphost.exe" to "bin\Debug\net9.0\AiAgentLab.Api.exe". Beginning retry 1 in 1000ms. The process cannot access the file 'C:\Users\phane\source\repos\ai-agent-lab-app\AiAgentLab.Api\bin\Debug\net9.0\AiAgentLab.Api.exe' because it is being used by another process. The file is locked by: "AiAgentLab.Api (16140)" [C:\Users\phane\source\repos\ai-agent-lab-app\AiAgentLab.Api\AiAgentLab.Api.csproj]
C:\Program Files\dotnet\sdk\9.0.314\Microsoft.Common.CurrentVersion.targets(5394,5): warning MSB3026: Could not copy "C:\Users\phane\source\repos\ai-agent-lab-app\AiAgentLab.Api\obj\Debug\net9.0\apphost.exe" to "bin\Debug\net9.0\AiAgentLab.Api.exe". Beginning retry 2 in 1000ms. The process cannot access the file 'C:\Users\phane\source\repos\ai-agent-lab-app\AiAgentLab.Api\bin\Debug\net9.0\AiAgentLab.Api.exe' because it is being used by another process. The file is locked by: "AiAgentLab.Api (16140)" [C:\Users\phane\source\repos\ai-agent-lab-app\AiAgentLab.Api\AiAgentLab.Api.csproj]
C:\Program Files\dotnet\sdk\9.0.314\Microsoft.Common.CurrentVersion.targets(5394,5): warning MSB3026: Could not copy "C:\Users\phane\source\repos\ai-agent-lab-app\AiAgentLab.Api\obj\Debug\net9.0\apphost.exe" to "bin\Debug\net9.0\AiAgentLab.Api.exe". Beginning retry 3 in 1000ms. The process cannot access the file 'C:\Users\phane\source\repos\ai-agent-lab-app\AiAgentLab.Api\bin\Debug\net9.0\AiAgentLab.Api.exe' because it is being used by another process. The file is locked by: "AiAgentLab.Api (16140)" [C:\Users\phane\source\repos\ai-agent-lab-app\AiAgentLab.Api\AiAgentLab.Api.csproj]
